<html>
<head>
</head>
<body>
<div style="color:red"></div>
<div style="color:blue"></div>
<div style="color:red; font-weight:bold"></div>
<div style="color:blue"></div>
<div style="color:red"></div>
<div style="color:blue; font-weight:bold"></div>
</body>
</html>
