<html>
<head>
    <title>Title</title>
    <style type="text/css">
        body {
            color: #123;
            background: url(http://example.com/bg.png);
            font-family: Omerta;
        }
    </style>
</head>
<body style="background:url(http://example.com/bg.png); color:#123; font-family:Omerta">
<h1>Hi!</h1>
</body>
</html>
