<html>
<head>
    <title>Title</title>
    <style type="text/css">
        h1, h2 {
            color: red;
        }

        strong {
            text-decoration: none
        }

        .SomeHorribleHotmailClass {
            mso-hide: all;
        }

        @media all and (max-width: 400px) {
            [class="something"] {
                color: blue;
            }
        }

        @font-face {
            font-family: 'Garamond';
            src:
                local('Garamond'),
                local('Garamond-Regular'),
                url('Garamond.ttf') format('truetype'); /* Safari, Android, iOS */
                font-weight: normal;
                font-style: normal;
        }
    </style>
</head>
<body>
<h1 style="color:red">Hi!</h1>
<p><strong style="text-decoration:none">Yes!</strong></p>
</body>
</html>
