<html>
<head>
    <title>Title</title>
    <style type="text/css">
        p * {
            color: red
        }
    </style>
</head>
<body>
<h1>Hi!</h1>
<p><strong style="color:red">Yes!</strong></p>
</body>
</html>
