<html>
<head>
    <title>Title</title>
    <style type="text/css">
        p {
            color: yellow
        }

        a {
            color: blue
        }

        a:hover {
            color: pink
        }

        p::first-letter {
            font-size: 22px;
        }
    </style>
</head>
<body>
<p style="color:yellow"><a href="#" style="color:blue">Page</a></p>
</body>
</html>
