<html>
<head>
    <style type="text/css">
        div {
            text-align: right;
        }

        div:last-child {
            text-align: left;
        }
    </style>
</head>
<body>
<div style="text-align:right" align="right">First child</div>
<div style="text-align:left" align="left">Last child</div>
</body>
</html>
