<html>
<head>
    <title>Title</title>
    <style type="text/css">@media all and (max-width: 500px) {
        [class~="text"] {
            color: blue !important
        }
    }
    @font-face {
        font-family: "Garamond";
        src: local("Garamond"), local("Garamond-Regular"), url(Garamond.ttf) format("truetype");
        font-weight: normal;
        font-style: normal
    }</style>
</head>
<body>
<h1 style="color:red">Hi!</h1>
<p class="text"><strong style="text-decoration:none">Yes!</strong></p>
</body>
</html>
