<html>
<head>
    <style type="text/css">
        body > div {
            text-align: right;
        }
    </style>
</head>
<body>
<div style="text-align:right" align="right">First div</div>
</body>
</html>
