<html>
<head>
    <title>Title</title>
</head>
<body>
<div class="outer" style="color:red">
    <div class="inner" style="color:blue; font-size:12px; margin-top:10px"></div>
</div>
</body>
</html>
