<!DOCTYPE html PUBLIC "-//W3C//DTD XHTML 1.0 Transitional //EN" "http://www.w3.org/TR/xhtml1/DTD/xhtml1-transitional.dtd">
<html xmlns="http://www.w3.org/1999/xhtml">
<head>
    <meta http-equiv="Content-Type" content="text/html; charset=utf-8" />
    <title>Title</title>
    <style type="text/css">/*<![CDATA[*/@media all and (max-width: 400px) {
            h1 {
                color: blue !important
            }
        }/*]]>*/</style>
</head>
<body>
<h1>Hi!</h1>
</body>
</html>
