<html>
<head>
    <title>Title</title>
    <style type="text/css">
        h1, h2 {
            color: red;
        }

        strong {
            text-decoration: none
        }
    </style>
    <style type="text/css">
        h1, h2 {
            color: green;
        }

        p {
            font-size: 120%
        }
    </style>
</head>
<body>
<h1 style="color:green">Hi!</h1>

<p style="font-size:120%"><strong style="text-decoration:none">Yes!</strong></p>
</body>
</html>
