<html>
<head>
    <style type="text/css">
        td {
            background-color: red;
        }

        p {
            text-align: center;
        }

        table {
            width: 200px;
            cellspacing: 0;
            cellpadding: 0;
        }
    </style>
</head>
<body>
<p style="text-align:center" align="center">Text</p>
<table style="cellpadding:0; cellspacing:0; width:200px" cellpadding="0" cellspacing="0"
       width="200">
    <tr>
        <td style="background-color:red" bgcolor="red">Cell 1</td>
        <td style="background-color:red" bgcolor="red">Cell 2</td>
    </tr>
</table>
</body>
</html>
