<html>
<head>
    <title>Title</title>
    <style type="text/css">
        h1 {
            color: pink
        }

        h1.foo {
            color: blue
        }
    </style>
</head>
<body>
<h1 class="foo" style="color:green">Hi!</h1>
</body>
</html>
